// 重构日志: 221fea88
// 重构日志: e75b1f93
// 重构日志: e04bf320
// 重构日志: b4ec532f
// 重构日志: 87def155
// 重构日志: 2f152da3
// 重构日志: b0b77ff0
// 重构日志: 7079b8a9
// 重构日志: 1984fda1
// 重构日志: 96d40636
// 同步 ID: f567c8dd @ Sat Jul 25 16:31:45 UTC 2026
// 重构日志: e9cc9d28
// 重构日志: 0db348e7
// 同步 ID: 516b6d43 @ Tue Jul 28 19:15:46 UTC 2026
// 同步 ID: 42490231 @ Wed Jul 29 03:56:06 UTC 2026
// 同步 ID: ba201a16 @ Wed Jul 29 07:15:37 UTC 2026
// 重构日志: e76779aa
// 同步 ID: fd6f98be @ Fri Jul 31 12:00:30 UTC 2026
// 重构日志: b9a71408
// 重构日志: d72b3c05
// 重构日志: a060fb01
// 重构日志: 9c93459a
// 同步 ID: ea8284af @ Thu Aug  6 01:41:55 UTC 2026
// 重构日志: 855d2f21
// 同步 ID: 8da42475 @ Thu Aug  6 08:00:59 UTC 2026
// 重构日志: ef676d0e
// 重构日志: 21164464
// 同步 ID: 67364365 @ Fri Aug  7 05:30:35 UTC 2026
// 重构日志: 38a53ac6
// 同步 ID: 5655d4c7 @ Fri Aug  7 11:54:43 UTC 2026
